
> griyaflora_babulu@1.0.0 build
> next build

  ▲ Next.js 14.2.35
  - Environments: .env.local

   Creating an optimized production build ...
 ✓ Compiled successfully
   Linting and checking validity of types ...
   Collecting page data ...
   Generating static pages (0/9) ...
   Generating static pages (2/9) 
   Generating static pages (4/9) 
   Generating static pages (6/9) 
 ✓ Generating static pages (9/9)
   Finalizing page optimization ...
   Collecting build traces ...

Route (app)                              Size     First Load JS
┌ ○ /                                    20.7 kB         176 kB
├ ○ /_not-found                          873 B          88.1 kB
├ ○ /about                               3.75 kB         138 kB
├ ƒ /articles                            2.06 kB         150 kB
├ ƒ /articles/[slug]                     187 B           101 kB
├ ƒ /events                              2.77 kB         150 kB
├ ƒ /events/[slug]                       187 B           101 kB
├ ○ /leadership                          8.21 kB         140 kB
└ ƒ /members                             4.2 kB          145 kB
+ First Load JS shared by all            87.3 kB
  ├ chunks/117-4f5b424f20efdcae.js       31.7 kB
  ├ chunks/fd9d1056-b11b2651f33aae7f.js  53.6 kB
  └ other shared chunks (total)          1.89 kB


○  (Static)   prerendered as static content
ƒ  (Dynamic)  server-rendered on demand

